// Vitest Snapshot v1, https://vitest.dev/guide/snapshot.html

exports[`parseFile snapshots > snapshots Identifiers.scala 1`] = `
{
  "entities": [
    {
      "kind": "file",
      "language": "scala",
      "lineEnd": 42,
      "lineStart": 1,
      "name": "Identifiers.scala",
    },
    {
      "container": undefined,
      "kind": "class",
      "language": "scala",
      "lineEnd": 7,
      "lineStart": 7,
      "name": "NodeId",
    },
    {
      "container": undefined,
      "kind": "class",
      "language": "scala",
      "lineEnd": 11,
      "lineStart": 8,
      "name": "NodeId",
    },
    {
      "container": "NodeId",
      "kind": "function",
      "language": "scala",
      "lineEnd": 9,
      "lineStart": 9,
      "name": "encoder",
    },
    {
      "container": "NodeId",
      "kind": "function",
      "language": "scala",
      "lineEnd": 10,
      "lineStart": 10,
      "name": "decoder",
    },
    {
      "container": undefined,
      "kind": "class",
      "language": "scala",
      "lineEnd": 13,
      "lineStart": 13,
      "name": "EdgeId",
    },
    {
      "container": undefined,
      "kind": "class",
      "language": "scala",
      "lineEnd": 17,
      "lineStart": 14,
      "name": "EdgeId",
    },
    {
      "container": "EdgeId",
      "kind": "function",
      "language": "scala",
      "lineEnd": 15,
      "lineStart": 15,
      "name": "encoder",
    },
    {
      "container": "EdgeId",
      "kind": "function",
      "language": "scala",
      "lineEnd": 16,
      "lineStart": 16,
      "name": "decoder",
    },
    {
      "container": undefined,
      "kind": "class",
      "language": "scala",
      "lineEnd": 19,
      "lineStart": 19,
      "name": "PatchId",
    },
    {
      "container": undefined,
      "kind": "class",
      "language": "scala",
      "lineEnd": 23,
      "lineStart": 20,
      "name": "PatchId",
    },
    {
      "container": "PatchId",
      "kind": "function",
      "language": "scala",
      "lineEnd": 21,
      "lineStart": 21,
      "name": "encoder",
    },
    {
      "container": "PatchId",
      "kind": "function",
      "language": "scala",
      "lineEnd": 22,
      "lineStart": 22,
      "name": "decoder",
    },
    {
      "container": undefined,
      "kind": "class",
      "language": "scala",
      "lineEnd": 25,
      "lineStart": 25,
      "name": "ClaimId",
    },
    {
      "container": undefined,
      "kind": "class",
      "language": "scala",
      "lineEnd": 29,
      "lineStart": 26,
      "name": "ClaimId",
    },
    {
      "container": "ClaimId",
      "kind": "function",
      "language": "scala",
      "lineEnd": 27,
      "lineStart": 27,
      "name": "encoder",
    },
    {
      "container": "ClaimId",
      "kind": "function",
      "language": "scala",
      "lineEnd": 28,
      "lineStart": 28,
      "name": "decoder",
    },
    {
      "container": undefined,
      "kind": "class",
      "language": "scala",
      "lineEnd": 31,
      "lineStart": 31,
      "name": "ConflictId",
    },
    {
      "container": undefined,
      "kind": "class",
      "language": "scala",
      "lineEnd": 35,
      "lineStart": 32,
      "name": "ConflictId",
    },
    {
      "container": "ConflictId",
      "kind": "function",
      "language": "scala",
      "lineEnd": 33,
      "lineStart": 33,
      "name": "encoder",
    },
    {
      "container": "ConflictId",
      "kind": "function",
      "language": "scala",
      "lineEnd": 34,
      "lineStart": 34,
      "name": "decoder",
    },
    {
      "container": undefined,
      "kind": "class",
      "language": "scala",
      "lineEnd": 37,
      "lineStart": 37,
      "name": "Rev",
    },
    {
      "container": undefined,
      "kind": "class",
      "language": "scala",
      "lineEnd": 41,
      "lineStart": 38,
      "name": "Rev",
    },
    {
      "container": "Rev",
      "kind": "function",
      "language": "scala",
      "lineEnd": 39,
      "lineStart": 39,
      "name": "encoder",
    },
    {
      "container": "Rev",
      "kind": "function",
      "language": "scala",
      "lineEnd": 40,
      "lineStart": 40,
      "name": "decoder",
    },
    {
      "kind": "module",
      "language": "scala",
      "lineEnd": 3,
      "lineStart": 3,
      "name": "java.util.UUID",
    },
    {
      "kind": "module",
      "language": "scala",
      "lineEnd": 5,
      "lineStart": 5,
      "name": "io.circe.Decoder",
    },
    {
      "kind": "module",
      "language": "scala",
      "lineEnd": 5,
      "lineStart": 5,
      "name": "io.circe.Encoder",
    },
  ],
  "filePath": "memory-layer/src/main/scala/ix/memory/model/Identifiers.scala",
  "language": "scala",
  "relationships": [
    {
      "dstName": "NodeId",
      "predicate": "CONTAINS",
      "srcName": "Identifiers.scala",
    },
    {
      "dstName": "AnyVal",
      "predicate": "EXTENDS",
      "srcName": "NodeId",
    },
    {
      "dstName": "NodeId",
      "predicate": "CONTAINS",
      "srcName": "Identifiers.scala",
    },
    {
      "dstName": "encoder",
      "predicate": "CONTAINS",
      "srcName": "NodeId",
    },
    {
      "dstName": "decoder",
      "predicate": "CONTAINS",
      "srcName": "NodeId",
    },
    {
      "dstName": "EdgeId",
      "predicate": "CONTAINS",
      "srcName": "Identifiers.scala",
    },
    {
      "dstName": "AnyVal",
      "predicate": "EXTENDS",
      "srcName": "EdgeId",
    },
    {
      "dstName": "EdgeId",
      "predicate": "CONTAINS",
      "srcName": "Identifiers.scala",
    },
    {
      "dstName": "encoder",
      "predicate": "CONTAINS",
      "srcName": "EdgeId",
    },
    {
      "dstName": "decoder",
      "predicate": "CONTAINS",
      "srcName": "EdgeId",
    },
    {
      "dstName": "PatchId",
      "predicate": "CONTAINS",
      "srcName": "Identifiers.scala",
    },
    {
      "dstName": "AnyVal",
      "predicate": "EXTENDS",
      "srcName": "PatchId",
    },
    {
      "dstName": "PatchId",
      "predicate": "CONTAINS",
      "srcName": "Identifiers.scala",
    },
    {
      "dstName": "encoder",
      "predicate": "CONTAINS",
      "srcName": "PatchId",
    },
    {
      "dstName": "decoder",
      "predicate": "CONTAINS",
      "srcName": "PatchId",
    },
    {
      "dstName": "ClaimId",
      "predicate": "CONTAINS",
      "srcName": "Identifiers.scala",
    },
    {
      "dstName": "AnyVal",
      "predicate": "EXTENDS",
      "srcName": "ClaimId",
    },
    {
      "dstName": "ClaimId",
      "predicate": "CONTAINS",
      "srcName": "Identifiers.scala",
    },
    {
      "dstName": "encoder",
      "predicate": "CONTAINS",
      "srcName": "ClaimId",
    },
    {
      "dstName": "decoder",
      "predicate": "CONTAINS",
      "srcName": "ClaimId",
    },
    {
      "dstName": "ConflictId",
      "predicate": "CONTAINS",
      "srcName": "Identifiers.scala",
    },
    {
      "dstName": "AnyVal",
      "predicate": "EXTENDS",
      "srcName": "ConflictId",
    },
    {
      "dstName": "ConflictId",
      "predicate": "CONTAINS",
      "srcName": "Identifiers.scala",
    },
    {
      "dstName": "encoder",
      "predicate": "CONTAINS",
      "srcName": "ConflictId",
    },
    {
      "dstName": "decoder",
      "predicate": "CONTAINS",
      "srcName": "ConflictId",
    },
    {
      "dstName": "Rev",
      "predicate": "CONTAINS",
      "srcName": "Identifiers.scala",
    },
    {
      "dstName": "AnyVal",
      "predicate": "EXTENDS",
      "srcName": "Rev",
    },
    {
      "dstName": "Rev",
      "predicate": "CONTAINS",
      "srcName": "Identifiers.scala",
    },
    {
      "dstName": "encoder",
      "predicate": "CONTAINS",
      "srcName": "Rev",
    },
    {
      "dstName": "decoder",
      "predicate": "CONTAINS",
      "srcName": "Rev",
    },
    {
      "dstName": "java.util.UUID",
      "predicate": "IMPORTS",
      "srcName": "Identifiers.scala",
    },
    {
      "dstName": "io.circe.Decoder",
      "predicate": "IMPORTS",
      "srcName": "Identifiers.scala",
    },
    {
      "dstName": "io.circe.Encoder",
      "predicate": "IMPORTS",
      "srcName": "Identifiers.scala",
    },
    {
      "dstName": "UUID",
      "predicate": "REFERENCES",
      "srcName": "NodeId",
    },
    {
      "dstName": "NodeId",
      "predicate": "REFERENCES",
      "srcName": "Identifiers.scala",
    },
    {
      "dstName": "contramap",
      "predicate": "CALLS",
      "srcName": "NodeId.encoder",
    },
    {
      "dstName": "NodeId",
      "predicate": "CALLS",
      "srcName": "NodeId.decoder",
    },
    {
      "dstName": "UUID",
      "predicate": "REFERENCES",
      "srcName": "EdgeId",
    },
    {
      "dstName": "EdgeId",
      "predicate": "REFERENCES",
      "srcName": "Identifiers.scala",
    },
    {
      "dstName": "contramap",
      "predicate": "CALLS",
      "srcName": "EdgeId.encoder",
    },
    {
      "dstName": "EdgeId",
      "predicate": "CALLS",
      "srcName": "EdgeId.decoder",
    },
    {
      "dstName": "UUID",
      "predicate": "REFERENCES",
      "srcName": "PatchId",
    },
    {
      "dstName": "PatchId",
      "predicate": "REFERENCES",
      "srcName": "Identifiers.scala",
    },
    {
      "dstName": "contramap",
      "predicate": "CALLS",
      "srcName": "PatchId.encoder",
    },
    {
      "dstName": "PatchId",
      "predicate": "CALLS",
      "srcName": "PatchId.decoder",
    },
    {
      "dstName": "UUID",
      "predicate": "REFERENCES",
      "srcName": "ClaimId",
    },
    {
      "dstName": "ClaimId",
      "predicate": "REFERENCES",
      "srcName": "Identifiers.scala",
    },
    {
      "dstName": "contramap",
      "predicate": "CALLS",
      "srcName": "ClaimId.encoder",
    },
    {
      "dstName": "ClaimId",
      "predicate": "CALLS",
      "srcName": "ClaimId.decoder",
    },
    {
      "dstName": "UUID",
      "predicate": "REFERENCES",
      "srcName": "ConflictId",
    },
    {
      "dstName": "ConflictId",
      "predicate": "REFERENCES",
      "srcName": "Identifiers.scala",
    },
    {
      "dstName": "contramap",
      "predicate": "CALLS",
      "srcName": "ConflictId.encoder",
    },
    {
      "dstName": "ConflictId",
      "predicate": "CALLS",
      "srcName": "ConflictId.decoder",
    },
    {
      "dstName": "Rev",
      "predicate": "REFERENCES",
      "srcName": "Identifiers.scala",
    },
    {
      "dstName": "contramap",
      "predicate": "CALLS",
      "srcName": "Rev.encoder",
    },
    {
      "dstName": "Rev",
      "predicate": "CALLS",
      "srcName": "Rev.decoder",
    },
  ],
}
`;

exports[`parseFile snapshots > snapshots Node.scala 1`] = `
{
  "entities": [
    {
      "kind": "file",
      "language": "scala",
      "lineEnd": 97,
      "lineStart": 1,
      "name": "Node.scala",
    },
    {
      "container": undefined,
      "kind": "interface",
      "language": "scala",
      "lineEnd": 8,
      "lineStart": 8,
      "name": "NodeKind",
    },
    {
      "container": undefined,
      "kind": "class",
      "language": "scala",
      "lineEnd": 77,
      "lineStart": 9,
      "name": "NodeKind",
    },
    {
      "container": "NodeKind",
      "kind": "class",
      "language": "scala",
      "lineEnd": 10,
      "lineStart": 10,
      "name": "Module",
    },
    {
      "container": "NodeKind",
      "kind": "class",
      "language": "scala",
      "lineEnd": 11,
      "lineStart": 11,
      "name": "File",
    },
    {
      "container": "NodeKind",
      "kind": "class",
      "language": "scala",
      "lineEnd": 12,
      "lineStart": 12,
      "name": "Class",
    },
    {
      "container": "NodeKind",
      "kind": "class",
      "language": "scala",
      "lineEnd": 13,
      "lineStart": 13,
      "name": "Function",
    },
    {
      "container": "NodeKind",
      "kind": "class",
      "language": "scala",
      "lineEnd": 14,
      "lineStart": 14,
      "name": "Variable",
    },
    {
      "container": "NodeKind",
      "kind": "class",
      "language": "scala",
      "lineEnd": 15,
      "lineStart": 15,
      "name": "Config",
    },
    {
      "container": "NodeKind",
      "kind": "class",
      "language": "scala",
      "lineEnd": 16,
      "lineStart": 16,
      "name": "ConfigEntry",
    },
    {
      "container": "NodeKind",
      "kind": "class",
      "language": "scala",
      "lineEnd": 17,
      "lineStart": 17,
      "name": "Service",
    },
    {
      "container": "NodeKind",
      "kind": "class",
      "language": "scala",
      "lineEnd": 18,
      "lineStart": 18,
      "name": "Endpoint",
    },
    {
      "container": "NodeKind",
      "kind": "class",
      "language": "scala",
      "lineEnd": 19,
      "lineStart": 19,
      "name": "Intent",
    },
    {
      "container": "NodeKind",
      "kind": "class",
      "language": "scala",
      "lineEnd": 20,
      "lineStart": 20,
      "name": "Decision",
    },
    {
      "container": "NodeKind",
      "kind": "class",
      "language": "scala",
      "lineEnd": 21,
      "lineStart": 21,
      "name": "Doc",
    },
    {
      "container": "NodeKind",
      "kind": "class",
      "language": "scala",
      "lineEnd": 22,
      "lineStart": 22,
      "name": "Object",
    },
    {
      "container": "NodeKind",
      "kind": "class",
      "language": "scala",
      "lineEnd": 23,
      "lineStart": 23,
      "name": "Trait",
    },
    {
      "container": "NodeKind",
      "kind": "class",
      "language": "scala",
      "lineEnd": 24,
      "lineStart": 24,
      "name": "Interface",
    },
    {
      "container": "NodeKind",
      "kind": "class",
      "language": "scala",
      "lineEnd": 25,
      "lineStart": 25,
      "name": "Method",
    },
    {
      "container": "NodeKind",
      "kind": "class",
      "language": "scala",
      "lineEnd": 26,
      "lineStart": 26,
      "name": "Plan",
    },
    {
      "container": "NodeKind",
      "kind": "class",
      "language": "scala",
      "lineEnd": 27,
      "lineStart": 27,
      "name": "Task",
    },
    {
      "container": "NodeKind",
      "kind": "class",
      "language": "scala",
      "lineEnd": 28,
      "lineStart": 28,
      "name": "Bug",
    },
    {
      "container": "NodeKind",
      "kind": "function",
      "language": "scala",
      "lineEnd": 50,
      "lineStart": 30,
      "name": "nameMap",
    },
    {
      "container": "NodeKind",
      "kind": "function",
      "language": "scala",
      "lineEnd": 72,
      "lineStart": 52,
      "name": "encoder",
    },
    {
      "container": "NodeKind",
      "kind": "function",
      "language": "scala",
      "lineEnd": 76,
      "lineStart": 74,
      "name": "decoder",
    },
    {
      "container": undefined,
      "kind": "class",
      "language": "scala",
      "lineEnd": 89,
      "lineStart": 79,
      "name": "GraphNode",
    },
    {
      "container": undefined,
      "kind": "class",
      "language": "scala",
      "lineEnd": 96,
      "lineStart": 91,
      "name": "GraphNode",
    },
    {
      "container": "GraphNode",
      "kind": "function",
      "language": "scala",
      "lineEnd": 94,
      "lineStart": 94,
      "name": "encoder",
    },
    {
      "container": "GraphNode",
      "kind": "function",
      "language": "scala",
      "lineEnd": 95,
      "lineStart": 95,
      "name": "decoder",
    },
    {
      "kind": "module",
      "language": "scala",
      "lineEnd": 3,
      "lineStart": 3,
      "name": "java.time.Instant",
    },
    {
      "kind": "module",
      "language": "scala",
      "lineEnd": 5,
      "lineStart": 5,
      "name": "io.circe.Decoder",
    },
    {
      "kind": "module",
      "language": "scala",
      "lineEnd": 5,
      "lineStart": 5,
      "name": "io.circe.Encoder",
    },
    {
      "kind": "module",
      "language": "scala",
      "lineEnd": 5,
      "lineStart": 5,
      "name": "io.circe.Json",
    },
    {
      "kind": "module",
      "language": "scala",
      "lineEnd": 6,
      "lineStart": 6,
      "name": "io.circe.generic.semiauto.deriveDecoder",
    },
    {
      "kind": "module",
      "language": "scala",
      "lineEnd": 6,
      "lineStart": 6,
      "name": "io.circe.generic.semiauto.deriveEncoder",
    },
    {
      "kind": "module",
      "language": "scala",
      "lineEnd": 92,
      "lineStart": 92,
      "name": "Provenance.instantEncoder",
    },
    {
      "kind": "module",
      "language": "scala",
      "lineEnd": 92,
      "lineStart": 92,
      "name": "Provenance.instantDecoder",
    },
  ],
  "filePath": "memory-layer/src/main/scala/ix/memory/model/Node.scala",
  "language": "scala",
  "relationships": [
    {
      "dstName": "NodeKind",
      "predicate": "CONTAINS",
      "srcName": "Node.scala",
    },
    {
      "dstName": "NodeKind",
      "predicate": "CONTAINS",
      "srcName": "Node.scala",
    },
    {
      "dstName": "Module",
      "predicate": "CONTAINS",
      "srcName": "NodeKind",
    },
    {
      "dstName": "NodeKind",
      "predicate": "EXTENDS",
      "srcName": "Module",
    },
    {
      "dstName": "File",
      "predicate": "CONTAINS",
      "srcName": "NodeKind",
    },
    {
      "dstName": "NodeKind",
      "predicate": "EXTENDS",
      "srcName": "File",
    },
    {
      "dstName": "Class",
      "predicate": "CONTAINS",
      "srcName": "NodeKind",
    },
    {
      "dstName": "NodeKind",
      "predicate": "EXTENDS",
      "srcName": "Class",
    },
    {
      "dstName": "Function",
      "predicate": "CONTAINS",
      "srcName": "NodeKind",
    },
    {
      "dstName": "NodeKind",
      "predicate": "EXTENDS",
      "srcName": "Function",
    },
    {
      "dstName": "Variable",
      "predicate": "CONTAINS",
      "srcName": "NodeKind",
    },
    {
      "dstName": "NodeKind",
      "predicate": "EXTENDS",
      "srcName": "Variable",
    },
    {
      "dstName": "Config",
      "predicate": "CONTAINS",
      "srcName": "NodeKind",
    },
    {
      "dstName": "NodeKind",
      "predicate": "EXTENDS",
      "srcName": "Config",
    },
    {
      "dstName": "ConfigEntry",
      "predicate": "CONTAINS",
      "srcName": "NodeKind",
    },
    {
      "dstName": "NodeKind",
      "predicate": "EXTENDS",
      "srcName": "ConfigEntry",
    },
    {
      "dstName": "Service",
      "predicate": "CONTAINS",
      "srcName": "NodeKind",
    },
    {
      "dstName": "NodeKind",
      "predicate": "EXTENDS",
      "srcName": "Service",
    },
    {
      "dstName": "Endpoint",
      "predicate": "CONTAINS",
      "srcName": "NodeKind",
    },
    {
      "dstName": "NodeKind",
      "predicate": "EXTENDS",
      "srcName": "Endpoint",
    },
    {
      "dstName": "Intent",
      "predicate": "CONTAINS",
      "srcName": "NodeKind",
    },
    {
      "dstName": "NodeKind",
      "predicate": "EXTENDS",
      "srcName": "Intent",
    },
    {
      "dstName": "Decision",
      "predicate": "CONTAINS",
      "srcName": "NodeKind",
    },
    {
      "dstName": "NodeKind",
      "predicate": "EXTENDS",
      "srcName": "Decision",
    },
    {
      "dstName": "Doc",
      "predicate": "CONTAINS",
      "srcName": "NodeKind",
    },
    {
      "dstName": "NodeKind",
      "predicate": "EXTENDS",
      "srcName": "Doc",
    },
    {
      "dstName": "Object",
      "predicate": "CONTAINS",
      "srcName": "NodeKind",
    },
    {
      "dstName": "NodeKind",
      "predicate": "EXTENDS",
      "srcName": "Object",
    },
    {
      "dstName": "Trait",
      "predicate": "CONTAINS",
      "srcName": "NodeKind",
    },
    {
      "dstName": "NodeKind",
      "predicate": "EXTENDS",
      "srcName": "Trait",
    },
    {
      "dstName": "Interface",
      "predicate": "CONTAINS",
      "srcName": "NodeKind",
    },
    {
      "dstName": "NodeKind",
      "predicate": "EXTENDS",
      "srcName": "Interface",
    },
    {
      "dstName": "Method",
      "predicate": "CONTAINS",
      "srcName": "NodeKind",
    },
    {
      "dstName": "NodeKind",
      "predicate": "EXTENDS",
      "srcName": "Method",
    },
    {
      "dstName": "Plan",
      "predicate": "CONTAINS",
      "srcName": "NodeKind",
    },
    {
      "dstName": "NodeKind",
      "predicate": "EXTENDS",
      "srcName": "Plan",
    },
    {
      "dstName": "Task",
      "predicate": "CONTAINS",
      "srcName": "NodeKind",
    },
    {
      "dstName": "NodeKind",
      "predicate": "EXTENDS",
      "srcName": "Task",
    },
    {
      "dstName": "Bug",
      "predicate": "CONTAINS",
      "srcName": "NodeKind",
    },
    {
      "dstName": "NodeKind",
      "predicate": "EXTENDS",
      "srcName": "Bug",
    },
    {
      "dstName": "nameMap",
      "predicate": "CONTAINS",
      "srcName": "NodeKind",
    },
    {
      "dstName": "encoder",
      "predicate": "CONTAINS",
      "srcName": "NodeKind",
    },
    {
      "dstName": "decoder",
      "predicate": "CONTAINS",
      "srcName": "NodeKind",
    },
    {
      "dstName": "GraphNode",
      "predicate": "CONTAINS",
      "srcName": "Node.scala",
    },
    {
      "dstName": "GraphNode",
      "predicate": "CONTAINS",
      "srcName": "Node.scala",
    },
    {
      "dstName": "encoder",
      "predicate": "CONTAINS",
      "srcName": "GraphNode",
    },
    {
      "dstName": "decoder",
      "predicate": "CONTAINS",
      "srcName": "GraphNode",
    },
    {
      "dstName": "java.time.Instant",
      "predicate": "IMPORTS",
      "srcName": "Node.scala",
    },
    {
      "dstName": "io.circe.Decoder",
      "predicate": "IMPORTS",
      "srcName": "Node.scala",
    },
    {
      "dstName": "io.circe.Encoder",
      "predicate": "IMPORTS",
      "srcName": "Node.scala",
    },
    {
      "dstName": "io.circe.Json",
      "predicate": "IMPORTS",
      "srcName": "Node.scala",
    },
    {
      "dstName": "io.circe.generic.semiauto.deriveDecoder",
      "predicate": "IMPORTS",
      "srcName": "Node.scala",
    },
    {
      "dstName": "io.circe.generic.semiauto.deriveEncoder",
      "predicate": "IMPORTS",
      "srcName": "Node.scala",
    },
    {
      "dstName": "NodeKind",
      "predicate": "REFERENCES",
      "srcName": "Node.scala",
    },
    {
      "dstName": "contramap",
      "predicate": "CALLS",
      "srcName": "NodeKind.encoder",
    },
    {
      "dstName": "emap",
      "predicate": "CALLS",
      "srcName": "NodeKind.decoder",
    },
    {
      "dstName": "get",
      "predicate": "CALLS",
      "srcName": "NodeKind.decoder",
    },
    {
      "dstName": "toRight",
      "predicate": "CALLS",
      "srcName": "NodeKind.decoder",
    },
    {
      "dstName": "NodeId",
      "predicate": "REFERENCES",
      "srcName": "GraphNode",
    },
    {
      "dstName": "NodeKind",
      "predicate": "REFERENCES",
      "srcName": "GraphNode",
    },
    {
      "dstName": "Json",
      "predicate": "REFERENCES",
      "srcName": "GraphNode",
    },
    {
      "dstName": "Provenance",
      "predicate": "REFERENCES",
      "srcName": "GraphNode",
    },
    {
      "dstName": "Rev",
      "predicate": "REFERENCES",
      "srcName": "GraphNode",
    },
    {
      "dstName": "Instant",
      "predicate": "REFERENCES",
      "srcName": "GraphNode",
    },
    {
      "dstName": "Provenance.instantEncoder",
      "predicate": "IMPORTS",
      "srcName": "Node.scala",
    },
    {
      "dstName": "Provenance.instantDecoder",
      "predicate": "IMPORTS",
      "srcName": "Node.scala",
    },
    {
      "dstName": "GraphNode",
      "predicate": "REFERENCES",
      "srcName": "Node.scala",
    },
  ],
}
`;

exports[`parseFile snapshots > snapshots doctor.ts 1`] = `
{
  "entities": [
    {
      "kind": "file",
      "language": "typescript",
      "lineEnd": 99,
      "lineStart": 1,
      "name": "doctor.ts",
    },
    {
      "container": undefined,
      "kind": "interface",
      "language": "typescript",
      "lineEnd": 9,
      "lineStart": 6,
      "name": "Check",
    },
    {
      "container": undefined,
      "kind": "function",
      "language": "typescript",
      "lineEnd": 98,
      "lineStart": 11,
      "name": "registerDoctorCommand",
    },
    {
      "kind": "module",
      "language": "typescript",
      "lineEnd": 1,
      "lineStart": 1,
      "name": "commander",
    },
    {
      "kind": "module",
      "language": "typescript",
      "lineEnd": 2,
      "lineStart": 2,
      "name": "chalk",
    },
    {
      "kind": "module",
      "language": "typescript",
      "lineEnd": 3,
      "lineStart": 3,
      "name": "api.js",
    },
    {
      "kind": "module",
      "language": "typescript",
      "lineEnd": 4,
      "lineStart": 4,
      "name": "config.js",
    },
  ],
  "filePath": "ix-cli/src/cli/commands/doctor.ts",
  "language": "typescript",
  "relationships": [
    {
      "dstName": "Check",
      "predicate": "CONTAINS",
      "srcName": "doctor.ts",
    },
    {
      "dstName": "registerDoctorCommand",
      "predicate": "CONTAINS",
      "srcName": "doctor.ts",
    },
    {
      "dstName": "commander",
      "predicate": "IMPORTS",
      "srcName": "doctor.ts",
    },
    {
      "dstName": "chalk",
      "predicate": "IMPORTS",
      "srcName": "doctor.ts",
    },
    {
      "dstName": "api.js",
      "predicate": "IMPORTS",
      "srcName": "doctor.ts",
    },
    {
      "dstName": "config.js",
      "predicate": "IMPORTS",
      "srcName": "doctor.ts",
    },
    {
      "dstName": "Command",
      "predicate": "REFERENCES",
      "srcName": "doctor.ts",
    },
    {
      "dstName": "command",
      "predicate": "CALLS",
      "srcName": "registerDoctorCommand",
    },
    {
      "dstName": "description",
      "predicate": "CALLS",
      "srcName": "registerDoctorCommand",
    },
    {
      "dstName": "option",
      "predicate": "CALLS",
      "srcName": "registerDoctorCommand",
    },
    {
      "dstName": "action",
      "predicate": "CALLS",
      "srcName": "registerDoctorCommand",
    },
    {
      "dstName": "getEndpoint",
      "predicate": "CALLS",
      "srcName": "registerDoctorCommand",
    },
    {
      "dstName": "IxClient",
      "predicate": "CALLS",
      "srcName": "registerDoctorCommand",
    },
    {
      "dstName": "health",
      "predicate": "CALLS",
      "srcName": "registerDoctorCommand",
    },
    {
      "dstName": "stats",
      "predicate": "CALLS",
      "srcName": "registerDoctorCommand",
    },
    {
      "dstName": "conflicts",
      "predicate": "CALLS",
      "srcName": "registerDoctorCommand",
    },
    {
      "dstName": "isArray",
      "predicate": "CALLS",
      "srcName": "registerDoctorCommand",
    },
    {
      "dstName": "run",
      "predicate": "CALLS",
      "srcName": "registerDoctorCommand",
    },
    {
      "dstName": "push",
      "predicate": "CALLS",
      "srcName": "registerDoctorCommand",
    },
    {
      "dstName": "every",
      "predicate": "CALLS",
      "srcName": "registerDoctorCommand",
    },
    {
      "dstName": "stringify",
      "predicate": "CALLS",
      "srcName": "registerDoctorCommand",
    },
    {
      "dstName": "bold",
      "predicate": "CALLS",
      "srcName": "registerDoctorCommand",
    },
    {
      "dstName": "green",
      "predicate": "CALLS",
      "srcName": "registerDoctorCommand",
    },
    {
      "dstName": "red",
      "predicate": "CALLS",
      "srcName": "registerDoctorCommand",
    },
    {
      "dstName": "dim",
      "predicate": "CALLS",
      "srcName": "registerDoctorCommand",
    },
  ],
}
`;
